// Vitest Snapshot v1

exports[`App.tsx > renders correctly 1`] = `
<div
  id="App"
>
  <div
    className="m-2"
  >
    Hello from App.tsx
  </div>
  <div
    className="m-2 rounded-lg bg-gray-200 p-4"
  >
    <h1
      className="font-semibold "
    >
      Fetch data from backend
    </h1>
    <div>
      Loading...
    </div>
  </div>
</div>
`;
