// Vitest Snapshot v1

exports[`App.tsx > renders correctly 1`] = `
<div
  id="App"
>
  <div
    className="m-2"
  >
    Hello from App.tsx
  </div>
  <div
    className="m-2 rounded-lg bg-gray-200 p-4"
  >
    <h1
      className="font-semibold "
    >
      Fetch data from backend
    </h1>
    <div>
      Data: 
    </div>
    <h4
      className="mt-1 text-sm text-gray-900"
    >
      Received at 
      1969-12-31, 7:00:00 p.m.
    </h4>
  </div>
</div>
`;
